
Discarded input sections

 .gnu.linkonce.arcextmap.inst.2.5.2
                0x00000000        0x0 u-boot-mini.build/board/ruby/flip.o
 .gnu.linkonce.arcextmap.inst.2.5.3
                0x00000000        0x0 u-boot-mini.build/board/ruby/flip.o
 .gnu.linkonce.arcextmap.inst.2.5.4
                0x00000000        0x0 u-boot-mini.build/board/ruby/flip.o
 .gnu.linkonce.arcextmap.inst.2.5.5
                0x00000000        0x0 u-boot-mini.build/board/ruby/flip.o
 .gnu.linkonce.arcextmap.inst.2.5.6
                0x00000000        0x0 u-boot-mini.build/board/ruby/flip.o
 .gnu.linkonce.arcextmap.inst.2.5.7
                0x00000000        0x0 u-boot-mini.build/board/ruby/flip.o
 .gnu.linkonce.arcextmap.inst.3.5.6
                0x00000000        0x0 u-boot-mini.build/board/ruby/flip.o
 .gnu.linkonce.arcextmap.inst.3.5.7
                0x00000000        0x0 u-boot-mini.build/board/ruby/flip.o
 .gnu.linkonce.arcextmap.inst.3.5.8
                0x00000000        0x0 u-boot-mini.build/board/ruby/flip.o
 .gnu.linkonce.arcextmap.inst.3.5.10
                0x00000000        0x0 u-boot-mini.build/board/ruby/flip.o
 .gnu.linkonce.arcextmap.inst.3.5.11
                0x00000000        0x0 u-boot-mini.build/board/ruby/flip.o
 .gnu.linkonce.arcextmap.inst.3.5.40
                0x00000000        0x0 u-boot-mini.build/board/ruby/flip.o
 .gnu.linkonce.arcextmap.inst.3.5.41
                0x00000000        0x0 u-boot-mini.build/board/ruby/flip.o
 .gnu.linkonce.arcextmap.cond.16
                0x00000000        0x0 u-boot-mini.build/board/ruby/flip.o
 .gnu.linkonce.arcextmap.cond.17
                0x00000000        0x0 u-boot-mini.build/board/ruby/flip.o
 .gnu.linkonce.arcextmap.aux.65
                0x00000000        0x0 u-boot-mini.build/board/ruby/flip.o
 .gnu.linkonce.arcextmap.inst.3.4.26
                0x00000000        0x0 u-boot-mini.build/board/ruby/flip.o
 .gnu.linkonce.arcextmap.inst.3.4.27
                0x00000000        0x0 u-boot-mini.build/board/ruby/flip.o
 .gnu.linkonce.arcextmap.inst.3.4.28
                0x00000000        0x0 u-boot-mini.build/board/ruby/flip.o
 .gnu.linkonce.arcextmap.inst.3.4.29
                0x00000000        0x0 u-boot-mini.build/board/ruby/flip.o
 .gnu.linkonce.arcextmap.cond.30
                0x00000000        0x0 u-boot-mini.build/board/ruby/flip.o
 .gnu.linkonce.arcextmap.cond.31
                0x00000000        0x0 u-boot-mini.build/board/ruby/flip.o
 .gnu.linkonce.arcextmap.inst.3.5.63
                0x00000000        0x0 u-boot-mini.build/board/ruby/flip.o
 .gnu.linkonce.arcextmap.inst.2.5.2
                0x00000000        0x0 u-boot-mini.build/cpu/arc/cache.o
 .gnu.linkonce.arcextmap.inst.2.5.3
                0x00000000        0x0 u-boot-mini.build/cpu/arc/cache.o
 .gnu.linkonce.arcextmap.inst.2.5.4
                0x00000000        0x0 u-boot-mini.build/cpu/arc/cache.o
 .gnu.linkonce.arcextmap.inst.2.5.5
                0x00000000        0x0 u-boot-mini.build/cpu/arc/cache.o
 .gnu.linkonce.arcextmap.inst.2.5.6
                0x00000000        0x0 u-boot-mini.build/cpu/arc/cache.o
 .gnu.linkonce.arcextmap.inst.2.5.7
                0x00000000        0x0 u-boot-mini.build/cpu/arc/cache.o
 .gnu.linkonce.arcextmap.inst.3.5.6
                0x00000000        0x0 u-boot-mini.build/cpu/arc/cache.o
 .gnu.linkonce.arcextmap.inst.3.5.7
                0x00000000        0x0 u-boot-mini.build/cpu/arc/cache.o
 .gnu.linkonce.arcextmap.inst.3.5.8
                0x00000000        0x0 u-boot-mini.build/cpu/arc/cache.o
 .gnu.linkonce.arcextmap.inst.3.5.10
                0x00000000        0x0 u-boot-mini.build/cpu/arc/cache.o
 .gnu.linkonce.arcextmap.inst.3.5.11
                0x00000000        0x0 u-boot-mini.build/cpu/arc/cache.o
 .gnu.linkonce.arcextmap.inst.3.5.40
                0x00000000        0x0 u-boot-mini.build/cpu/arc/cache.o
 .gnu.linkonce.arcextmap.inst.3.5.41
                0x00000000        0x0 u-boot-mini.build/cpu/arc/cache.o
 .gnu.linkonce.arcextmap.cond.16
                0x00000000        0x0 u-boot-mini.build/cpu/arc/cache.o
 .gnu.linkonce.arcextmap.cond.17
                0x00000000        0x0 u-boot-mini.build/cpu/arc/cache.o
 .gnu.linkonce.arcextmap.aux.65
                0x00000000        0x0 u-boot-mini.build/cpu/arc/cache.o
 .gnu.linkonce.arcextmap.inst.3.4.26
                0x00000000        0x0 u-boot-mini.build/cpu/arc/cache.o
 .gnu.linkonce.arcextmap.inst.3.4.27
                0x00000000        0x0 u-boot-mini.build/cpu/arc/cache.o
 .gnu.linkonce.arcextmap.inst.3.4.28
                0x00000000        0x0 u-boot-mini.build/cpu/arc/cache.o
 .gnu.linkonce.arcextmap.inst.3.4.29
                0x00000000        0x0 u-boot-mini.build/cpu/arc/cache.o
 .gnu.linkonce.arcextmap.cond.30
                0x00000000        0x0 u-boot-mini.build/cpu/arc/cache.o
 .gnu.linkonce.arcextmap.cond.31
                0x00000000        0x0 u-boot-mini.build/cpu/arc/cache.o
 .gnu.linkonce.arcextmap.inst.3.5.63
                0x00000000        0x0 u-boot-mini.build/cpu/arc/cache.o
 .gnu.linkonce.arcextmap.inst.2.5.2
                0x00000000        0x0 u-boot-mini.build/board/ruby_mini/ruby_piggy.o
 .gnu.linkonce.arcextmap.inst.2.5.3
                0x00000000        0x0 u-boot-mini.build/board/ruby_mini/ruby_piggy.o
 .gnu.linkonce.arcextmap.inst.2.5.4
                0x00000000        0x0 u-boot-mini.build/board/ruby_mini/ruby_piggy.o
 .gnu.linkonce.arcextmap.inst.2.5.5
                0x00000000        0x0 u-boot-mini.build/board/ruby_mini/ruby_piggy.o
 .gnu.linkonce.arcextmap.inst.2.5.6
                0x00000000        0x0 u-boot-mini.build/board/ruby_mini/ruby_piggy.o
 .gnu.linkonce.arcextmap.inst.2.5.7
                0x00000000        0x0 u-boot-mini.build/board/ruby_mini/ruby_piggy.o
 .gnu.linkonce.arcextmap.inst.3.5.6
                0x00000000        0x0 u-boot-mini.build/board/ruby_mini/ruby_piggy.o
 .gnu.linkonce.arcextmap.inst.3.5.7
                0x00000000        0x0 u-boot-mini.build/board/ruby_mini/ruby_piggy.o
 .gnu.linkonce.arcextmap.inst.3.5.8
                0x00000000        0x0 u-boot-mini.build/board/ruby_mini/ruby_piggy.o
 .gnu.linkonce.arcextmap.inst.3.5.10
                0x00000000        0x0 u-boot-mini.build/board/ruby_mini/ruby_piggy.o
 .gnu.linkonce.arcextmap.inst.3.5.11
                0x00000000        0x0 u-boot-mini.build/board/ruby_mini/ruby_piggy.o
 .gnu.linkonce.arcextmap.inst.3.5.40
                0x00000000        0x0 u-boot-mini.build/board/ruby_mini/ruby_piggy.o
 .gnu.linkonce.arcextmap.inst.3.5.41
                0x00000000        0x0 u-boot-mini.build/board/ruby_mini/ruby_piggy.o
 .gnu.linkonce.arcextmap.cond.16
                0x00000000        0x0 u-boot-mini.build/board/ruby_mini/ruby_piggy.o
 .gnu.linkonce.arcextmap.cond.17
                0x00000000        0x0 u-boot-mini.build/board/ruby_mini/ruby_piggy.o
 .gnu.linkonce.arcextmap.aux.65
                0x00000000        0x0 u-boot-mini.build/board/ruby_mini/ruby_piggy.o
 .gnu.linkonce.arcextmap.inst.3.4.26
                0x00000000        0x0 u-boot-mini.build/board/ruby_mini/ruby_piggy.o
 .gnu.linkonce.arcextmap.inst.3.4.27
                0x00000000        0x0 u-boot-mini.build/board/ruby_mini/ruby_piggy.o
 .gnu.linkonce.arcextmap.inst.3.4.28
                0x00000000        0x0 u-boot-mini.build/board/ruby_mini/ruby_piggy.o
 .gnu.linkonce.arcextmap.inst.3.4.29
                0x00000000        0x0 u-boot-mini.build/board/ruby_mini/ruby_piggy.o
 .gnu.linkonce.arcextmap.cond.30
                0x00000000        0x0 u-boot-mini.build/board/ruby_mini/ruby_piggy.o
 .gnu.linkonce.arcextmap.cond.31
                0x00000000        0x0 u-boot-mini.build/board/ruby_mini/ruby_piggy.o
 .gnu.linkonce.arcextmap.inst.3.5.63
                0x00000000        0x0 u-boot-mini.build/board/ruby_mini/ruby_piggy.o
 .gnu.linkonce.arcextmap.inst.2.5.2
                0x00000000        0x0 u-boot-mini.build/lib_generic/lzma/LzmaTools.o
 .gnu.linkonce.arcextmap.inst.2.5.3
                0x00000000        0x0 u-boot-mini.build/lib_generic/lzma/LzmaTools.o
 .gnu.linkonce.arcextmap.inst.2.5.4
                0x00000000        0x0 u-boot-mini.build/lib_generic/lzma/LzmaTools.o
 .gnu.linkonce.arcextmap.inst.2.5.5
                0x00000000        0x0 u-boot-mini.build/lib_generic/lzma/LzmaTools.o
 .gnu.linkonce.arcextmap.inst.2.5.6
                0x00000000        0x0 u-boot-mini.build/lib_generic/lzma/LzmaTools.o
 .gnu.linkonce.arcextmap.inst.2.5.7
                0x00000000        0x0 u-boot-mini.build/lib_generic/lzma/LzmaTools.o
 .gnu.linkonce.arcextmap.inst.3.5.6
                0x00000000        0x0 u-boot-mini.build/lib_generic/lzma/LzmaTools.o
 .gnu.linkonce.arcextmap.inst.3.5.7
                0x00000000        0x0 u-boot-mini.build/lib_generic/lzma/LzmaTools.o
 .gnu.linkonce.arcextmap.inst.3.5.8
                0x00000000        0x0 u-boot-mini.build/lib_generic/lzma/LzmaTools.o
 .gnu.linkonce.arcextmap.inst.3.5.10
                0x00000000        0x0 u-boot-mini.build/lib_generic/lzma/LzmaTools.o
 .gnu.linkonce.arcextmap.inst.3.5.11
                0x00000000        0x0 u-boot-mini.build/lib_generic/lzma/LzmaTools.o
 .gnu.linkonce.arcextmap.inst.3.5.40
                0x00000000        0x0 u-boot-mini.build/lib_generic/lzma/LzmaTools.o
 .gnu.linkonce.arcextmap.inst.3.5.41
                0x00000000        0x0 u-boot-mini.build/lib_generic/lzma/LzmaTools.o
 .gnu.linkonce.arcextmap.cond.16
                0x00000000        0x0 u-boot-mini.build/lib_generic/lzma/LzmaTools.o
 .gnu.linkonce.arcextmap.cond.17
                0x00000000        0x0 u-boot-mini.build/lib_generic/lzma/LzmaTools.o
 .gnu.linkonce.arcextmap.aux.65
                0x00000000        0x0 u-boot-mini.build/lib_generic/lzma/LzmaTools.o
 .gnu.linkonce.arcextmap.inst.3.4.26
                0x00000000        0x0 u-boot-mini.build/lib_generic/lzma/LzmaTools.o
 .gnu.linkonce.arcextmap.inst.3.4.27
                0x00000000        0x0 u-boot-mini.build/lib_generic/lzma/LzmaTools.o
 .gnu.linkonce.arcextmap.inst.3.4.28
                0x00000000        0x0 u-boot-mini.build/lib_generic/lzma/LzmaTools.o
 .gnu.linkonce.arcextmap.inst.3.4.29
                0x00000000        0x0 u-boot-mini.build/lib_generic/lzma/LzmaTools.o
 .gnu.linkonce.arcextmap.cond.30
                0x00000000        0x0 u-boot-mini.build/lib_generic/lzma/LzmaTools.o
 .gnu.linkonce.arcextmap.cond.31
                0x00000000        0x0 u-boot-mini.build/lib_generic/lzma/LzmaTools.o
 .gnu.linkonce.arcextmap.inst.3.5.63
                0x00000000        0x0 u-boot-mini.build/lib_generic/lzma/LzmaTools.o
 .gnu.linkonce.arcextmap.inst.2.5.2
                0x00000000        0x0 u-boot-mini.build/lib_generic/lzma/LzmaDecodeSize.o
 .gnu.linkonce.arcextmap.inst.2.5.3
                0x00000000        0x0 u-boot-mini.build/lib_generic/lzma/LzmaDecodeSize.o
 .gnu.linkonce.arcextmap.inst.2.5.4
                0x00000000        0x0 u-boot-mini.build/lib_generic/lzma/LzmaDecodeSize.o
 .gnu.linkonce.arcextmap.inst.2.5.5
                0x00000000        0x0 u-boot-mini.build/lib_generic/lzma/LzmaDecodeSize.o
 .gnu.linkonce.arcextmap.inst.2.5.6
                0x00000000        0x0 u-boot-mini.build/lib_generic/lzma/LzmaDecodeSize.o
 .gnu.linkonce.arcextmap.inst.2.5.7
                0x00000000        0x0 u-boot-mini.build/lib_generic/lzma/LzmaDecodeSize.o
 .gnu.linkonce.arcextmap.inst.3.5.6
                0x00000000        0x0 u-boot-mini.build/lib_generic/lzma/LzmaDecodeSize.o
 .gnu.linkonce.arcextmap.inst.3.5.7
                0x00000000        0x0 u-boot-mini.build/lib_generic/lzma/LzmaDecodeSize.o
 .gnu.linkonce.arcextmap.inst.3.5.8
                0x00000000        0x0 u-boot-mini.build/lib_generic/lzma/LzmaDecodeSize.o
 .gnu.linkonce.arcextmap.inst.3.5.10
                0x00000000        0x0 u-boot-mini.build/lib_generic/lzma/LzmaDecodeSize.o
 .gnu.linkonce.arcextmap.inst.3.5.11
                0x00000000        0x0 u-boot-mini.build/lib_generic/lzma/LzmaDecodeSize.o
 .gnu.linkonce.arcextmap.inst.3.5.40
                0x00000000        0x0 u-boot-mini.build/lib_generic/lzma/LzmaDecodeSize.o
 .gnu.linkonce.arcextmap.inst.3.5.41
                0x00000000        0x0 u-boot-mini.build/lib_generic/lzma/LzmaDecodeSize.o
 .gnu.linkonce.arcextmap.cond.16
                0x00000000        0x0 u-boot-mini.build/lib_generic/lzma/LzmaDecodeSize.o
 .gnu.linkonce.arcextmap.cond.17
                0x00000000        0x0 u-boot-mini.build/lib_generic/lzma/LzmaDecodeSize.o
 .gnu.linkonce.arcextmap.aux.65
                0x00000000        0x0 u-boot-mini.build/lib_generic/lzma/LzmaDecodeSize.o
 .gnu.linkonce.arcextmap.inst.3.4.26
                0x00000000        0x0 u-boot-mini.build/lib_generic/lzma/LzmaDecodeSize.o
 .gnu.linkonce.arcextmap.inst.3.4.27
                0x00000000        0x0 u-boot-mini.build/lib_generic/lzma/LzmaDecodeSize.o
 .gnu.linkonce.arcextmap.inst.3.4.28
                0x00000000        0x0 u-boot-mini.build/lib_generic/lzma/LzmaDecodeSize.o
 .gnu.linkonce.arcextmap.inst.3.4.29
                0x00000000        0x0 u-boot-mini.build/lib_generic/lzma/LzmaDecodeSize.o
 .gnu.linkonce.arcextmap.cond.30
                0x00000000        0x0 u-boot-mini.build/lib_generic/lzma/LzmaDecodeSize.o
 .gnu.linkonce.arcextmap.cond.31
                0x00000000        0x0 u-boot-mini.build/lib_generic/lzma/LzmaDecodeSize.o
 .gnu.linkonce.arcextmap.inst.3.5.63
                0x00000000        0x0 u-boot-mini.build/lib_generic/lzma/LzmaDecodeSize.o
 .gnu.linkonce.arcextmap.inst.2.5.2
                0x00000000        0x0 u-boot-mini.build/u-boot-mini.bin.lzma.o
 .gnu.linkonce.arcextmap.inst.2.5.3
                0x00000000        0x0 u-boot-mini.build/u-boot-mini.bin.lzma.o
 .gnu.linkonce.arcextmap.inst.2.5.4
                0x00000000        0x0 u-boot-mini.build/u-boot-mini.bin.lzma.o
 .gnu.linkonce.arcextmap.inst.2.5.5
                0x00000000        0x0 u-boot-mini.build/u-boot-mini.bin.lzma.o
 .gnu.linkonce.arcextmap.inst.2.5.6
                0x00000000        0x0 u-boot-mini.build/u-boot-mini.bin.lzma.o
 .gnu.linkonce.arcextmap.inst.2.5.7
                0x00000000        0x0 u-boot-mini.build/u-boot-mini.bin.lzma.o
 .gnu.linkonce.arcextmap.inst.3.5.6
                0x00000000        0x0 u-boot-mini.build/u-boot-mini.bin.lzma.o
 .gnu.linkonce.arcextmap.inst.3.5.7
                0x00000000        0x0 u-boot-mini.build/u-boot-mini.bin.lzma.o
 .gnu.linkonce.arcextmap.inst.3.5.8
                0x00000000        0x0 u-boot-mini.build/u-boot-mini.bin.lzma.o
 .gnu.linkonce.arcextmap.inst.3.5.10
                0x00000000        0x0 u-boot-mini.build/u-boot-mini.bin.lzma.o
 .gnu.linkonce.arcextmap.inst.3.5.11
                0x00000000        0x0 u-boot-mini.build/u-boot-mini.bin.lzma.o
 .gnu.linkonce.arcextmap.inst.3.5.40
                0x00000000        0x0 u-boot-mini.build/u-boot-mini.bin.lzma.o
 .gnu.linkonce.arcextmap.inst.3.5.41
                0x00000000        0x0 u-boot-mini.build/u-boot-mini.bin.lzma.o
 .gnu.linkonce.arcextmap.cond.16
                0x00000000        0x0 u-boot-mini.build/u-boot-mini.bin.lzma.o
 .gnu.linkonce.arcextmap.cond.17
                0x00000000        0x0 u-boot-mini.build/u-boot-mini.bin.lzma.o
 .gnu.linkonce.arcextmap.aux.65
                0x00000000        0x0 u-boot-mini.build/u-boot-mini.bin.lzma.o
 .gnu.linkonce.arcextmap.inst.3.4.26
                0x00000000        0x0 u-boot-mini.build/u-boot-mini.bin.lzma.o
 .gnu.linkonce.arcextmap.inst.3.4.27
                0x00000000        0x0 u-boot-mini.build/u-boot-mini.bin.lzma.o
 .gnu.linkonce.arcextmap.inst.3.4.28
                0x00000000        0x0 u-boot-mini.build/u-boot-mini.bin.lzma.o
 .gnu.linkonce.arcextmap.inst.3.4.29
                0x00000000        0x0 u-boot-mini.build/u-boot-mini.bin.lzma.o
 .gnu.linkonce.arcextmap.cond.30
                0x00000000        0x0 u-boot-mini.build/u-boot-mini.bin.lzma.o
 .gnu.linkonce.arcextmap.cond.31
                0x00000000        0x0 u-boot-mini.build/u-boot-mini.bin.lzma.o
 .gnu.linkonce.arcextmap.inst.3.5.63
                0x00000000        0x0 u-boot-mini.build/u-boot-mini.bin.lzma.o

Memory Configuration

Name             Origin             Length             Attributes
sram             0x88000000         0x00014000
*default*        0x00000000         0xffffffff

Linker script and memory map


.text           0x88000000      0xcd0
                0x88000000                __uboot_begin = .
 *(.text)
 .text          0x88000000      0x1e0 u-boot-mini.build/board/ruby/start.o
                0x8800012e                ruby_boot
                0x88000000                _start
                0x88000040                early_flash_config_end
                0x88000020                early_flash_config_start
                0x88000040                warm_boot
 .text          0x880001e0       0x80 u-boot-mini.build/board/ruby/flip.o
                0x880001e0                ruby_flip_mmap
 .text          0x88000260      0x14c u-boot-mini.build/cpu/arc/cache.o
                0x88000270                invalidate_dcache_range
                0x88000314                dcache_enable
                0x88000380                flush_cache
                0x88000354                invalidate_icache_all
                0x88000324                icache_enable
                0x880002b4                flush_dcache_range
                0x88000360                flush_and_inv_dcache_all
                0x8800028c                flush_and_inv_dcache_range
                0x880002fc                icache_disable
                0x88000334                dcache_status
                0x88000344                icache_status
                0x88000260                invalidate_icache_range
                0x880002d0                dcache_disable
 .text          0x880003ac       0xa4 u-boot-mini.build/board/ruby_mini/ruby_piggy.o
                0x880003d0                memcpy
                0x880003ac                memset
                0x880003f8                start_arcboot
 .text          0x88000450       0xf4 u-boot-mini.build/lib_generic/lzma/LzmaTools.o
                0x88000450                lzmaBuffToBuffDecompress
 .text          0x88000544      0x78c u-boot-mini.build/lib_generic/lzma/LzmaDecodeSize.o
                0x880008bc                LzmaDecodeProperties
                0x88000564                RangeDecoderInit
                0x880005ac                RangeDecoderDecodeDirectBits
                0x880006c8                RangeDecoderBitTreeDecode
                0x88000780                LzmaLiteralDecode
                0x88000624                RangeDecoderBitDecode
                0x88000720                RangeDecoderReverseBitTreeDecode
                0x8800084c                LzmaLenDecode
                0x88000914                LzmaDecode
                0x88000544                RangeDecoderReadByte
                0x880007b8                LzmaLiteralDecodeMatch
 .text          0x88000cd0        0x0 u-boot-mini.build/u-boot-mini.bin.lzma.o
 *(.text.*)
                0x88000cd0                . = ALIGN (0x4)

.rodata
 *(.rodata)
 *(.rodata.str*)
 *(.rodata.*)
                0x88000cd0                . = ALIGN (0x4)

.data           0x88000cd0     0x4080
 *(.data)
 .data          0x88000cd0        0x0 u-boot-mini.build/board/ruby/start.o
 .data          0x88000cd0        0x0 u-boot-mini.build/board/ruby/flip.o
 .data          0x88000cd0        0x0 u-boot-mini.build/cpu/arc/cache.o
 .data          0x88000cd0        0x0 u-boot-mini.build/board/ruby_mini/ruby_piggy.o
 .data          0x88000cd0        0x0 u-boot-mini.build/lib_generic/lzma/LzmaTools.o
 .data          0x88000cd0        0x0 u-boot-mini.build/lib_generic/lzma/LzmaDecodeSize.o
 .data          0x88000cd0     0x4080 u-boot-mini.build/u-boot-mini.bin.lzma.o
                0x88004d4c                payload_len
                0x88000cd0                payload
 *(.data.*)
                0x88004d50                . = ALIGN (0x4)
                0x88004d50                __bss_start = .

.bss            0x88004d50        0x0
 *(.bss)
 .bss           0x88004d50        0x0 u-boot-mini.build/board/ruby/start.o
 .bss           0x88004d50        0x0 u-boot-mini.build/board/ruby/flip.o
 .bss           0x88004d50        0x0 u-boot-mini.build/cpu/arc/cache.o
 .bss           0x88004d50        0x0 u-boot-mini.build/board/ruby_mini/ruby_piggy.o
 .bss           0x88004d50        0x0 u-boot-mini.build/lib_generic/lzma/LzmaTools.o
 .bss           0x88004d50        0x0 u-boot-mini.build/lib_generic/lzma/LzmaDecodeSize.o
 .bss           0x88004d50        0x0 u-boot-mini.build/u-boot-mini.bin.lzma.o
 *(.bss.*)
                0x88004d50                . = ALIGN (0x4)
                0x88004d50                __bss_end = .
                0x88004d50                __uboot_end = .

/DISCARD/
 *(.u_boot_cmd)
LOAD u-boot-mini.build/board/ruby/start.o
LOAD u-boot-mini.build/board/ruby/flip.o
LOAD u-boot-mini.build/cpu/arc/cache.o
LOAD u-boot-mini.build/board/ruby_mini/ruby_piggy.o
LOAD u-boot-mini.build/lib_generic/lzma/LzmaTools.o
LOAD u-boot-mini.build/lib_generic/lzma/LzmaDecodeSize.o
LOAD u-boot-mini.build/u-boot-mini.bin.lzma.o
OUTPUT(u-boot-mini-piggy elf32-littlearc)

.gnu.linkonce.arcextmap.inst.2.5.2
                0x88004d50       0x16
 .gnu.linkonce.arcextmap.inst.2.5.2
                0x88004d50       0x16 u-boot-mini.build/board/ruby/start.o

.gnu.linkonce.arcextmap.inst.2.5.3
                0x88004d66       0x16
 .gnu.linkonce.arcextmap.inst.2.5.3
                0x88004d66       0x16 u-boot-mini.build/board/ruby/start.o

.gnu.linkonce.arcextmap.inst.2.5.4
                0x88004d7c       0x16
 .gnu.linkonce.arcextmap.inst.2.5.4
                0x88004d7c       0x16 u-boot-mini.build/board/ruby/start.o

.gnu.linkonce.arcextmap.inst.2.5.5
                0x88004d92       0x14
 .gnu.linkonce.arcextmap.inst.2.5.5
                0x88004d92       0x14 u-boot-mini.build/board/ruby/start.o

.gnu.linkonce.arcextmap.inst.2.5.6
                0x88004da6       0x16
 .gnu.linkonce.arcextmap.inst.2.5.6
                0x88004da6       0x16 u-boot-mini.build/board/ruby/start.o

.gnu.linkonce.arcextmap.inst.2.5.7
                0x88004dbc       0x14
 .gnu.linkonce.arcextmap.inst.2.5.7
                0x88004dbc       0x14 u-boot-mini.build/board/ruby/start.o

.gnu.linkonce.arcextmap.inst.3.5.6
                0x88004dd0       0x14
 .gnu.linkonce.arcextmap.inst.3.5.6
                0x88004dd0       0x14 u-boot-mini.build/board/ruby/start.o

.gnu.linkonce.arcextmap.inst.3.5.7
                0x88004de4       0x14
 .gnu.linkonce.arcextmap.inst.3.5.7
                0x88004de4       0x14 u-boot-mini.build/board/ruby/start.o

.gnu.linkonce.arcextmap.inst.3.5.8
                0x88004df8       0x16
 .gnu.linkonce.arcextmap.inst.3.5.8
                0x88004df8       0x16 u-boot-mini.build/board/ruby/start.o

.gnu.linkonce.arcextmap.inst.3.5.10
                0x88004e0e        0xa
 .gnu.linkonce.arcextmap.inst.3.5.10
                0x88004e0e        0xa u-boot-mini.build/board/ruby/start.o

.gnu.linkonce.arcextmap.inst.3.5.11
                0x88004e18        0xa
 .gnu.linkonce.arcextmap.inst.3.5.11
                0x88004e18        0xa u-boot-mini.build/board/ruby/start.o

.gnu.linkonce.arcextmap.inst.3.5.40
                0x88004e22       0x18
 .gnu.linkonce.arcextmap.inst.3.5.40
                0x88004e22       0x18 u-boot-mini.build/board/ruby/start.o

.gnu.linkonce.arcextmap.inst.3.5.41
                0x88004e3a       0x18
 .gnu.linkonce.arcextmap.inst.3.5.41
                0x88004e3a       0x18 u-boot-mini.build/board/ruby/start.o

.gnu.linkonce.arcextmap.cond.16
                0x88004e52        0xc
 .gnu.linkonce.arcextmap.cond.16
                0x88004e52        0xc u-boot-mini.build/board/ruby/start.o

.gnu.linkonce.arcextmap.cond.17
                0x88004e5e        0xc
 .gnu.linkonce.arcextmap.cond.17
                0x88004e5e        0xc u-boot-mini.build/board/ruby/start.o

.gnu.linkonce.arcextmap.aux.65
                0x88004e6a       0x12
 .gnu.linkonce.arcextmap.aux.65
                0x88004e6a       0x12 u-boot-mini.build/board/ruby/start.o

.gnu.linkonce.arcextmap.inst.3.4.26
                0x88004e7c        0x9
 .gnu.linkonce.arcextmap.inst.3.4.26
                0x88004e7c        0x9 u-boot-mini.build/board/ruby/start.o

.gnu.linkonce.arcextmap.inst.3.4.27
                0x88004e85        0xa
 .gnu.linkonce.arcextmap.inst.3.4.27
                0x88004e85        0xa u-boot-mini.build/board/ruby/start.o

.gnu.linkonce.arcextmap.inst.3.4.28
                0x88004e8f        0xb
 .gnu.linkonce.arcextmap.inst.3.4.28
                0x88004e8f        0xb u-boot-mini.build/board/ruby/start.o

.gnu.linkonce.arcextmap.inst.3.4.29
                0x88004e9a        0xa
 .gnu.linkonce.arcextmap.inst.3.4.29
                0x88004e9a        0xa u-boot-mini.build/board/ruby/start.o

.gnu.linkonce.arcextmap.cond.30
                0x88004ea4        0x6
 .gnu.linkonce.arcextmap.cond.30
                0x88004ea4        0x6 u-boot-mini.build/board/ruby/start.o

.gnu.linkonce.arcextmap.cond.31
                0x88004eaa        0x7
 .gnu.linkonce.arcextmap.cond.31
                0x88004eaa        0x7 u-boot-mini.build/board/ruby/start.o

.gnu.linkonce.arcextmap.inst.3.5.63
                0x88004eb1        0xa
 .gnu.linkonce.arcextmap.inst.3.5.63
                0x88004eb1        0xa u-boot-mini.build/board/ruby/start.o

.debug_frame    0x88004ebc      0x4a4
 .debug_frame   0x88004ebc      0x15c u-boot-mini.build/cpu/arc/cache.o
 .debug_frame   0x88005018       0x64 u-boot-mini.build/board/ruby_mini/ruby_piggy.o
 .debug_frame   0x8800507c       0x5c u-boot-mini.build/lib_generic/lzma/LzmaTools.o
 .debug_frame   0x880050d8      0x288 u-boot-mini.build/lib_generic/lzma/LzmaDecodeSize.o

.comment        0x88005360       0x8c
 .comment       0x88005360       0x1c u-boot-mini.build/cpu/arc/cache.o
 .comment       0x8800537c       0x1c u-boot-mini.build/board/ruby_mini/ruby_piggy.o
 .comment       0x88005398       0x1c u-boot-mini.build/lib_generic/lzma/LzmaTools.o
 .comment       0x880053b4       0x1c u-boot-mini.build/lib_generic/lzma/LzmaDecodeSize.o
 .comment       0x880053d0       0x1c u-boot-mini.build/u-boot-mini.bin.lzma.o
